// Jest Snapshot v1, https://goo.gl/fbAQLP

exports[`Map component should render as expected 1`] = `
<div
  className="map"
/>
`;
